PS C:\MyRepos\IBTraderPython> git init
>> git add README.md
>> git commit -m "first commit"
>> git branch -M main
>> git remote add origin https://github.com/Cyberskull123/IBTraderPython.git
>> git push -u origin main
Reinitialized existing Git repository in C:/MyRepos/IBTraderPython/.git/
fatal: pathspec 'README.md' did not match any files
On branch main
nothing to commit, working tree clean
error: remote origin already exists.
remote: Repository not found.
fatal: repository 'https://github.com/Cyberskull123/IBTraderPython.git/' not found
PS C:\MyRepos\IBTraderPython> 
